// Jest Snapshot v1, https://goo.gl/fbAQLP

exports[`should render EditExpensePage correctly 1`] = `
<div>
  <div
    className="page-header"
  >
    <div
      className="content-container"
    >
      <h1
        className="page-header__title"
      >
        Edit Expense
      </h1>
    </div>
  </div>
  <div
    className="content-container"
  >
    <ExpenseForm
      buttonLabel="Save"
      expense={
        Object {
          "amount": 100,
          "createdAt": -345600000,
          "description": "water bill",
          "id": "2",
          "note": "",
        }
      }
      onSubmit={[Function]}
    />
    <button
      className="button button--remove"
      onClick={[Function]}
    >
      Remove
    </button>
  </div>
</div>
`;
