// Jest Snapshot v1, https://goo.gl/fbAQLP

exports[`should render ExpenseListItem correctly  1`] = `
<div>
  <Link
    to="/edit/1"
  >
    <h3>
      rent
    </h3>
     
  </Link>
  <p>
     
    1500
     - 
    0
  </p>
</div>
`;
